// Jest Snapshot v1, https://goo.gl/fbAQLP

exports[`should render the header 1`] = `
<div
  className="header"
>
  <div
    className="container"
  >
    <div
      className="nav-links"
    >
      <[object Object]
        to="/"
      >
        Home
      </[object Object]>
        |  
      <[object Object]
        to="/create"
      >
        Add Activity!
      </[object Object]>
    </div>
    <h1>
      Test Header
    </h1>
    <h2>
      Get active after work!
    </h2>
  </div>
</div>
`;
