// Jest Snapshot v1, https://goo.gl/fbAQLP

exports[`should render the players list item 1`] = `
<div
  className="player"
>
  <div
    className="player-info"
  >
    <p>
      <Link
        replace={false}
        to="/edit/1"
      >
        Sidney Crosby
         (
        Male
        )
        <br />
      </Link>
      hockey
       - 
      expert
      <br />
      <br />
      Just looking to play
    </p>
    <button
      className="button button-clear"
      onClick={[Function]}
    >
      Remove
    </button>
  </div>
</div>
`;
